 binid | low |         high          | count 
-------+-----+-----------------------+-------
     9 |     | not at least 33000000 |     0
(1 row)

